  Building Custom Rule D:/GAMES101/Assignment1/code/CMakeLists.txt
  main.cpp
D:\GAMES101\Assignment1\code\main.cpp(25,17): warning C4244: “初始化”: 从“double”转换到“float”，可能丢失数据
D:\GAMES101\Assignment1\code\main.cpp(96,55): warning C4305: “参数”: 从“double”到“float”截断
D:\GAMES101\Assignment1\code\main.cpp(112,55): warning C4305: “参数”: 从“double”到“float”截断
  rasterizer.cpp
D:\GAMES101\Assignment1\code\rasterizer.cpp(41,10): warning C4244: “=”: 从“float”转换到“int”，可能丢失数据
D:\GAMES101\Assignment1\code\rasterizer.cpp(42,10): warning C4244: “=”: 从“float”转换到“int”，可能丢失数据
D:\GAMES101\Assignment1\code\rasterizer.cpp(43,13): warning C4244: “=”: 从“double”转换到“int”，可能丢失数据
D:\GAMES101\Assignment1\code\rasterizer.cpp(44,13): warning C4244: “=”: 从“double”转换到“int”，可能丢失数据
D:\GAMES101\Assignment1\code\rasterizer.cpp(52,15): warning C4244: “=”: 从“float”转换到“int”，可能丢失数据
D:\GAMES101\Assignment1\code\rasterizer.cpp(53,15): warning C4244: “=”: 从“float”转换到“int”，可能丢失数据
D:\GAMES101\Assignment1\code\rasterizer.cpp(54,16): warning C4244: “=”: 从“float”转换到“int”，可能丢失数据
D:\GAMES101\Assignment1\code\rasterizer.cpp(58,15): warning C4244: “=”: 从“float”转换到“int”，可能丢失数据
D:\GAMES101\Assignment1\code\rasterizer.cpp(59,15): warning C4244: “=”: 从“float”转换到“int”，可能丢失数据
D:\GAMES101\Assignment1\code\rasterizer.cpp(60,16): warning C4244: “=”: 从“float”转换到“int”，可能丢失数据
D:\GAMES101\Assignment1\code\rasterizer.cpp(62,52): warning C4244: “参数”: 从“int”转换到“const float”，可能丢失数据
D:\GAMES101\Assignment1\code\rasterizer.cpp(62,49): warning C4244: “参数”: 从“int”转换到“const float”，可能丢失数据
D:\GAMES101\Assignment1\code\rasterizer.cpp(84,56): warning C4244: “参数”: 从“int”转换到“const float”，可能丢失数据
D:\GAMES101\Assignment1\code\rasterizer.cpp(84,53): warning C4244: “参数”: 从“int”转换到“const float”，可能丢失数据
D:\GAMES101\Assignment1\code\rasterizer.cpp(92,15): warning C4244: “=”: 从“float”转换到“int”，可能丢失数据
D:\GAMES101\Assignment1\code\rasterizer.cpp(93,15): warning C4244: “=”: 从“float”转换到“int”，可能丢失数据
D:\GAMES101\Assignment1\code\rasterizer.cpp(94,16): warning C4244: “=”: 从“float”转换到“int”，可能丢失数据
D:\GAMES101\Assignment1\code\rasterizer.cpp(98,15): warning C4244: “=”: 从“float”转换到“int”，可能丢失数据
D:\GAMES101\Assignment1\code\rasterizer.cpp(99,15): warning C4244: “=”: 从“float”转换到“int”，可能丢失数据
D:\GAMES101\Assignment1\code\rasterizer.cpp(100,16): warning C4244: “=”: 从“float”转换到“int”，可能丢失数据
D:\GAMES101\Assignment1\code\rasterizer.cpp(102,52): warning C4244: “参数”: 从“int”转换到“const float”，可能丢失数据
D:\GAMES101\Assignment1\code\rasterizer.cpp(102,49): warning C4244: “参数”: 从“int”转换到“const float”，可能丢失数据
D:\GAMES101\Assignment1\code\rasterizer.cpp(124,56): warning C4244: “参数”: 从“int”转换到“const float”，可能丢失数据
D:\GAMES101\Assignment1\code\rasterizer.cpp(124,53): warning C4244: “参数”: 从“int”转换到“const float”，可能丢失数据
D:\GAMES101\Assignment1\code\rasterizer.cpp(144,14): warning C4305: “初始化”: 从“double”到“float”截断
D:\GAMES101\Assignment1\code\rasterizer.cpp(145,14): warning C4305: “初始化”: 从“double”到“float”截断
D:\GAMES101\Assignment1\code\rasterizer.cpp(164,33): warning C4244: “=”: 从“double”转换到“float”，可能丢失数据
D:\GAMES101\Assignment1\code\rasterizer.cpp(165,34): warning C4244: “=”: 从“double”转换到“float”，可能丢失数据
D:\GAMES101\Assignment1\code\rasterizer.cpp(235,15): warning C4244: “参数”: 从“float”转换到“const unsigned __int64”，可能丢失数据
  Triangle.cpp
D:\GAMES101\Assignment1\code\Triangle.cpp(36,70): warning C4244: “参数”: 从“double”转换到“const float”，可能丢失数据
D:\GAMES101\Assignment1\code\Triangle.cpp(36,53): warning C4244: “参数”: 从“double”转换到“const float”，可能丢失数据
D:\GAMES101\Assignment1\code\Triangle.cpp(36,36): warning C4244: “参数”: 从“double”转换到“const float”，可能丢失数据
  正在生成代码...
  Rasterizer.vcxproj -> D:\GAMES101\Assignment1\build\Release\Rasterizer.exe
